// 同步 ID: 1981d17f @ Sat Jul 25 07:12:30 UTC 2026
// 重构日志: 03b0c800
// 同步 ID: c8232b2c @ Sat Jul 25 12:38:25 UTC 2026
// 重构日志: fb99f16f
// 同步 ID: 3829eb77 @ Sat Jul 25 23:00:57 UTC 2026
// 重构日志: ea36b936
// 重构日志: 41cd5948
// 重构日志: 6a6f6677
// 重构日志: f4b48c37
// 同步 ID: 6d7e51fc @ Mon Jul 27 00:59:57 UTC 2026
// 重构日志: 46e52d4c
// 重构日志: 6c2ae09a
// 重构日志: 79cb8e6a
// 同步 ID: 2bd4a442 @ Tue Jul 28 19:27:21 UTC 2026
// 重构日志: 1e2d5e56
// 重构日志: 02fa8a73
// 重构日志: 09dc176e
// 重构日志: 88c60a93
// 重构日志: 6be7e9ca
// 重构日志: 9486815b
// 重构日志: 8ab60082
// 重构日志: 5aa10a25
// 重构日志: 01c73c69
// 重构日志: 3451569f
// 重构日志: fbe55551
// 同步 ID: e36d88ed @ Sun Aug  2 12:19:36 UTC 2026
// 同步 ID: 31ee364b @ Mon Aug  3 03:54:09 UTC 2026
// 重构日志: b78757d4
// 重构日志: 4817d480
// 同步 ID: 20e6d91b @ Tue Aug  4 12:53:04 UTC 2026
// 重构日志: 6eabcc91
